foo		bin			bar				
a		c			b				
some		values							
